---
source: crates/loom-templates/tests/snapshots.rs
expression: ctx.render().unwrap()
---
# Implementation Step

## Context Pinning

First, read the project overview to understand project terminology and context:

# Project Overview

Loom orchestrates the spec-to-implementation workflow.

## Current Feature

Label: loom-harness
Spec file: specs/loom-harness.md

## Companions

The following companion directories are in scope. Read each one's `manifest.md` on demand:

- lib/sandbox/


## Style Rules

Before writing or modifying code, read `docs/style-rules.md` end-to-end. The
document is organized into rule families; discover the families from the
document itself — do not assume a fixed prefix list. Apply every rule that
is applicable to the diff you are about to produce, citing each rule by the
id it is given in the document.

## Scratchpad

You have a per-session scratchpad at `.wrapix/loom/scratch/<key>/scratch.md`,
where `<key>` is your session's concurrency unit — the spec label for `loom
plan` / `loom todo` sessions, the bead ID for `loom run` / `loom check` /
`loom msg` sessions. The file starts empty; append to it as the session
progresses.

**Purpose.** This is a **compaction-recovery aid, not durable storage.** The
file lives only for the lifetime of this session: the driver creates it at
session start and removes it at session end on every exit path. After
compaction, the harness re-pins the original prompt plus the scratchpad's
current contents so you regain the working notes you would otherwise have
lost.

**What to append:**

- Decisions you have made and the reasoning that tipped them, so you do not
  re-litigate them after compaction.
- Open questions you are tracking and what would resolve them.
- TODOs for the remainder of this session — files to touch next, checks to
  re-run, follow-ups inside this session's scope.
- Hypotheses you have already ruled out (with the evidence), so you do not
  re-explore them.

**What NOT to put here.** Anything that needs to outlive this session belongs
in a durable destination, not the scratchpad:

- Decisions, design rationale, or open questions that future sessions need →
  bead notes (`bd update <id> --notes "..."`) or the spec file (`specs/<label>.md`).
- Implementation context for future agents → spec file or `AGENTS.md` /
  companion docs.
- Why a change was made → the commit message.
- Cross-session follow-up work → a new bead (`bd create ...`).

The scratchpad will be deleted when this session ends. If a thought is worth
keeping past session end, write it to one of the durable destinations above
**before** you finish.

**How to append.** Append to the file directly — for example,
`echo "..." >> .wrapix/loom/scratch/<key>/scratch.md` or via the Edit tool.
Do not rewrite or truncate prior contents; the recovery payload is the full
running log.

## Current Spec

Read: specs/loom-harness.md

## Issue Details

Issue: wx-3hhwq.10
Title: <agent-output>port templates</agent-output>

<agent-output>
Port templates to Askama.
</agent-output>

<agent-output>
error: cargo test failed
</agent-output>

## Instructions

1. **Understand**: Read the spec and issue thoroughly before making changes
2. **Test Strategy**: Decide between:
   - Property-based tests: For functions with clear invariants, mathematical properties
   - Unit tests: For specific behaviors, edge cases, integration points
3. **Implement**: Write code following the spec
4. **Discovered Work**: If you find tasks outside this issue's scope:
   - Create the issue as a child of the molecule:
     ```bash
     NEW_ID=$(bd create --title="..." --type=task --labels="spec:loom-harness" \
       --parent="wx-3hhwq" --silent)
     ```
   - Set execution order if needed:
     - **Blocks current task**: `bd dep add wx-3hhwq.10 $NEW_ID` (current waits for new)
     - **Depends on current task**: `bd dep add $NEW_ID wx-3hhwq.10` (new waits for current)
     - **Independent**: No dep needed—`bd ready` will surface it when unblocked
   - Do NOT implement discovered tasks in this session—stay focused
5. **Quality Gates**: Before completing, ensure:
   - [ ] All tests pass
   - [ ] Lint checks pass
   - [ ] Changes committed
6. **Blocked vs Waiting**: Distinguish dependency blocks from true blocks:
   - Need user input? → write the reason on a prior line, then `LOOM_BLOCKED`
   - Need other beads done? → Add dep with `bd dep add`, output `LOOM_COMPLETE`
7. **Already Implemented**: If the task's work is already done in the codebase,
   verify correctness, close the issue, and move on with `LOOM_COMPLETE`

## Spec Verifications

After implementing the issue, check the spec's Success Criteria for `[verify]` and
`[judge]` annotations that reference test files relevant to this issue's work.

- **`[verify]` tests**: Create the referenced shell test file if it doesn't exist.
  The test function should exercise the implemented feature and exit 0 on success,
  non-zero on failure. Use `set -euo pipefail`. Exit 77 to skip (e.g. platform
  not available).
- **`[judge]` tests**: Create the referenced judge rubric file if it doesn't exist.
  Each function calls `judge_files "path/to/source"` and
  `judge_criterion "what to evaluate"`. See `tests/judges/example.sh` for format.
- Only create tests for criteria related to the current issue — don't implement
  all spec verifications, just the ones relevant to your work.
- If the test file already exists, add your function to it rather than overwriting.

## Quality Gates

Before outputting LOOM_COMPLETE:
- [ ] Tests written and passing
- [ ] Lint checks pass
- [ ] Changes staged (`git add`)
- [ ] Spec verification test files created for relevant criteria

Post-step hooks verify compliance automatically.

## Land the Plane

Before outputting LOOM_COMPLETE, follow the **Session Protocol** in `AGENTS.md`.

## Exit Signals

Output ONE of these at the end of your response:

- `LOOM_COMPLETE`
- `LOOM_BLOCKED`
- `LOOM_CLARIFY`

- `LOOM_COMPLETE` — Task finished, all quality gates passed. No payload.
- `LOOM_BLOCKED` — Cannot proceed. Write the reason **before** the marker on
  its own line(s); emit `LOOM_BLOCKED` as the final line with nothing after it.
- `LOOM_CLARIFY` — Need clarification. Write the question **before** the
  marker on its own line(s); emit `LOOM_CLARIFY` as the final line with
  nothing after it.
