---
source: crates/loom/tests/cli_help.rs
expression: "loom_help(&[\"use\"])"
---
Set the active spec

Usage: loom use [OPTIONS] <LABEL>

Options:
  -w, --workspace <PATH>  Workspace root. Defaults to the current working directory
  -A, --agent <BACKEND>   Override the agent backend for this invocation [possible values: claude, pi]
  -h, --help              Print help

Workspace:
  <LABEL>  Spec label (matches `<workspace>/specs/<label>.md`)
